[takujiyamada100.wixsite.com/my-site-7.html]
[static.parastorage.com/unpkg/core-js-bundle@3.2.1/minified.js]
[static.parastorage.com/unpkg/focus-within-polyfill@5.0.9/dist/focus-within-polyfill.js]
[backblue.gif]
[fade.gif]
[index.html]
[polyfill.io/v3/polyfill.mind82c.js]
[takujiyamada100.wixsite.com/my-site-7/decodeURIComponent(e]
[browser.sentry-cdn.com/5.21.4/bundle.min.js]
[takujiyamada100.wixsite.com/my-site-7/https_]
[takujiyamada100.wixsite.com/my-site-7/robots.txt]
[takujiyamada100.wixsite.com/my-site-7/sitemap.xml]
[takujiyamada100.wixsite.com/my-site-7/feed.xml]
[static.parastorage.com/services/wix-thunderbolt/dist/bootstrap-features.2d197609.chunk.min.js]
[static.parastorage.com/services/wix-thunderbolt/dist/main.c7b127d1.chunk.min.js]
[static.parastorage.com/unpkg/lodash@4.17.15/lodash.min.js]
[static.parastorage.com/unpkg/react@16.13.1/umd/react.production.min.js]
[static.parastorage.com/services/wix-thunderbolt/dist/wix-code-sdk-providers.e3b8ed6e.chunk.min.js]
[static.parastorage.com/services/wix-thunderbolt/dist/page-features.ba0c1636.chunk.min.js]
[static.parastorage.com/services/wix-thunderbolt/dist/ooi.45f1246d.chunk.min.js]
[static.parastorage.com/services/wix-thunderbolt/dist/siteMembers.a20ad5f1.chunk.min.js]
[static.parastorage.com/services/wix-thunderbolt/dist/tpaCommons.fd7e49b4.chunk.min.js]
[static.parastorage.com/services/wix-thunderbolt/dist/windowMessageRegistrar.833cd0ce.chunk.min.js]
[static.parastorage.com/services/wix-thunderbolt/dist/platform.82b73454.chunk.min.js]
[static.parastorage.com/services/editor-elements/dist/componentSdks.5a0183f1.bundle.min.js]
[static.parastorage.com/services/tag-manager-client/1.282.0/siteTags.bundle.min.js]
[static.parastorage.com/services/editor-elements/dist/thunderboltElements.884a5072.bundle.min.js]
[static.parastorage.com/services/wix-perf-measure/1.451.0/wix-perf-measure.bundle.min.js]
[static.parastorage.com/services/wix-thunderbolt/dist/activePopup.25745e41.chunk.min.js]
[static.parastorage.com/unpkg/react-dom@16.13.1/umd/react-dom.production.min.js]
[takujiyamada100.wixsite.com/index.html]
[static.parastorage.com/services/wix-thunderbolt/dist/ooiTpaSharedConfig.63088af4.chunk.min.js]
[static.parastorage.com/services/wix-thunderbolt/dist/pageTransitions.751b226e.chunk.min.js]
[static.parastorage.com/services/wix-thunderbolt/dist/platformPubsub.0a9681e8.chunk.min.js]
[static.parastorage.com/services/wix-thunderbolt/dist/protectedPages.e9a9db5b.chunk.min.js]
[static.parastorage.com/services/wix-thunderbolt/dist/tpa.0fc3fbdf.chunk.min.js]
[takujiyamada100.wixsite.com/my-site-7/version/index.html]
[static.parastorage.com/services/editor-elements/dist/bootstrap-components-classic.d9a0ac3e.chunk.min.js]
[static.parastorage.com/services/editor-elements/dist/FiveGridLine_SolidLine.a761df49.chunk.min.js]
[static.parastorage.com/services/editor-elements/dist/BgImageStrip.e3c168ca.chunk.min.js]
[static.parastorage.com/services/editor-elements/dist/bootstrap-components-responsive.57ebf68e.chunk.min.js]
[static.parastorage.com/services/editor-elements/dist/VerticalLine_ClassicVerticalSolidLine.c3357656.chunk.min.js]
[static.parastorage.com/services/editor-elements/dist/FreemiumBannerDesktop.4ea08c45.chunk.min.js]
[static.parastorage.com/services/wix-thunderbolt/dist/animations-vendors.4e441d04.chunk.min.js]
[static.parastorage.com/services/editor-elements/dist/bootstrap-components-common.60eec122.chunk.min.js]
[static.wixstatic.com/media/1f3c0f_957724c311b44d4e960fd6cebb8995d4.jpg/v1/fill/w_480,h_287,al_c,q_80,usm_0.66_1.00_0.01,blur_2/1f3c0f_957724c311b44d4e960fd6cebb8995d4.jpg]
[static.wixstatic.com/media/eb6190_97dbb16d96664087b76ca38ee09a295b.png/v1/fill/w_150,h_50,al_c,usm_0.66_1.00_0.01,blur_3/eb6190_97dbb16d96664087b76ca38ee09a295b.png]
[takujiyamada100.wixsite.com/my-site-7/about.html]
[takujiyamada100.wixsite.com/my-site-7/services.html]
[static.parastorage.com/services/pro-gallery-santa-wrapper/1.1565.0/staticCss.min.css]
[static.wixstatic.com/media/eb6190_90e2cc30819647d89bcb7210344c10a7_mv2.jpg/v1/fill/w_85,h_85,fp_0.45_0.49,q_90/eb6190_90e2cc30819647d89bcb7210344c10a7_mv2.jpg]
[static.wixstatic.com/media/eb6190_140f37a169df4829a5e820f8802f170b_mv2.jpg/v1/fill/w_85,h_85,fp_0.49_0.35,q_90/eb6190_140f37a169df4829a5e820f8802f170b_mv2.jpg]
[static.wixstatic.com/media/eb6190_6f7bebfc2cf54a75b5425ff81cb0d743_mv2.jpg/v1/fill/w_85,h_85,fp_0.47_0.39,q_90/eb6190_6f7bebfc2cf54a75b5425ff81cb0d743_mv2.jpg]
[takujiyamada100.wixsite.com/my-site-7.html]
[takujiyamada100.wixsite.com/my-site-7/decodeURIComponent(e.html]
[takujiyamada100.wixsite.com/my-site-7/https_.html]
[takujiyamada100.wixsite.com/my-site-7/robots.html]
[takujiyamada100.wixsite.com/my-site-7/sitemap.html]
[takujiyamada100.wixsite.com/my-site-7/feed.html]
[takujiyamada100.wixsite.com/index.html]
[takujiyamada100.wixsite.com/my-site-7/version/index.html]
[takujiyamada100.wixsite.com/my-site-7/contact.html]
[static.parastorage.com/services/editor-elements/dist/Container_DefaultAreaSkin.a5785df6.chunk.min.js]
[takujiyamada100.wixsite.com/my-site-7/about.html]
[static.parastorage.com/services/editor-elements/dist/WPhoto_RoundPhoto.41042354.chunk.min.js]
[static.parastorage.com/services/editor-elements/dist/Container_DBDefaultAreaSkin.4a5520c1.chunk.min.js]
[static.wixstatic.com/media/1f3c0f_4211c3777d9d44d0a6ee3cc9aac64ea3.jpg/v1/fill/w_156,h_142,al_c,q_80,usm_0.66_1.00_0.01,blur_2/1f3c0f_4211c3777d9d44d0a6ee3cc9aac64ea3.jpg]
[static.wixstatic.com/media/1f3c0f_26bcb91d522c4bc0b8d1d253a5769c38.jpg/v1/fill/w_137,h_91,al_c,q_80,usm_0.66_1.00_0.01,blur_2/1f3c0f_26bcb91d522c4bc0b8d1d253a5769c38.jpg]
[takujiyamada100.wixsite.com/my-site-7/services.html]
[static.parastorage.com/services/wix-thunderbolt/dist/onloadCompsBehaviors.c934bf2a.chunk.min.js]
[static.parastorage.com/services/editor-elements/dist/GoogleMap.e600dae7.chunk.min.js]
[static.parastorage.com/services/editor-elements/dist/AppWidget.26116a95.chunk.min.js]
[static.parastorage.com/services/editor-elements/dist/FormContainer_FormContainerSkin.8db89126.chunk.min.js]
[static.parastorage.com/services/editor-elements/dist/common-site-members-dialogs.f671a15f.chunk.min.js]
[static.parastorage.com/services/editor-elements/dist/TextInput.07c67aee.chunk.min.js]
[static.parastorage.com/services/editor-elements/dist/TextAreaInput.91cabe54.chunk.min.js]
[static.parastorage.com/services/editor-elements/dist/media/sloppyframe.d6793e19.png]
[takujiyamada100.wixsite.com/my-site-7/contact.html]
[static.parastorage.com/services/pro-gallery-santa-wrapper/1.1565.0/staticCss.min.css]
